---
source: crates/talkbank-parser/src/parser/chat_file_parser/single_item/tests/word/helpers.rs
assertion_line: 12
expression: result
---
Err(
    ParseErrors {
        errors: [
            ParseError {
                code: TreeParsingError,
                severity: Error,
                location: SourceLocation {
                    span: Span {
                        start: 0,
                        end: 8,
                    },
                    line: None,
                    column: None,
                },
                context: Some(
                    ErrorContext {
                        source_text: "⌊hello",
                        span: Span {
                            start: 0,
                            end: 8,
                        },
                        expected: [],
                        found: "⌊hello",
                        line_offset: None,
                    },
                ),
                labels: [],
                message: "Expected source_file root, got 'ERROR'",
                suggestion: None,
                help_url: Some(
                    "https://talkbank.org/errors/E330",
                ),
            },
        ],
    },
)
